AR buffer_line behavioral C:/arxitektonikh1/HRY415-project-3/code/buffer_line.vhd sub00/vhpl13 1544557960
EN reg32bitr NULL C:/arxitektonikh1/HRY415-project-3/code/Reg32BitR.vhd sub00/vhpl10 1544557957
AR mux behavioral C:/arxitektonikh1/HRY415-project-3/code/mux.vhd sub00/vhpl01 1544557948
AR reorder_buffer behavioral C:/arxitektonikh1/HRY415-project-3/code/reorder_buffer.vhd sub00/vhpl15 1544557964
AR reg4bitr behavioral C:/arxitektonikh1/HRY415-project-3/code/Reg4BitR.vhd sub00/vhpl07 1544557954
EN pointer NULL C:/arxitektonikh1/HRY415-project-3/code/pointer.vhd sub00/vhpl18 1544555031
AR pointer behavioral C:/arxitektonikh1/HRY415-project-3/code/pointer.vhd sub00/vhpl19 1544555032
AR rob_control behavioral C:/arxitektonikh1/HRY415-project-3/code/rob_control.vhd sub00/vhpl17 1544557962
EN reg5bitr NULL C:/arxitektonikh1/HRY415-project-3/code/Reg5BitR.vhd sub00/vhpl08 1544557955
AR reg32bitr structural C:/arxitektonikh1/HRY415-project-3/code/Reg32BitR.vhd sub00/vhpl11 1544557958
EN reg1bitr NULL C:/arxitektonikh1/HRY415-project-3/code/Reg1BitR.vhd sub00/vhpl04 1544557951
EN buffer_line NULL C:/arxitektonikh1/HRY415-project-3/code/buffer_line.vhd sub00/vhpl12 1544557959
AR reg5bitr behavioral C:/arxitektonikh1/HRY415-project-3/code/Reg5BitR.vhd sub00/vhpl09 1544557956
EN reorder_buffer NULL C:/arxitektonikh1/HRY415-project-3/code/reorder_buffer.vhd sub00/vhpl14 1544557963
EN flipflop NULL C:/arxitektonikh1/HRY415-project-3/code/flipflop.vhd sub00/vhpl02 1544557949
AR reg1bitr behavioral C:/arxitektonikh1/HRY415-project-3/code/Reg1BitR.vhd sub00/vhpl05 1544557952
EN mux NULL C:/arxitektonikh1/HRY415-project-3/code/mux.vhd sub00/vhpl00 1544557947
AR flipflop behavioral C:/arxitektonikh1/HRY415-project-3/code/flipflop.vhd sub00/vhpl03 1544557950
EN rob_control NULL C:/arxitektonikh1/HRY415-project-3/code/rob_control.vhd sub00/vhpl16 1544557961
EN reg4bitr NULL C:/arxitektonikh1/HRY415-project-3/code/Reg4BitR.vhd sub00/vhpl06 1544557953
