AR buffer_line behavioral C:/arxitektonikh1/HRY415-project-3/code/buffer_line.vhd sub00/vhpl13 1544283214
EN reg32bitr NULL C:/arxitektonikh1/HRY415-project-3/code/Reg32BitR.vhd sub00/vhpl10 1544283211
AR mux behavioral C:/arxitektonikh1/HRY415-project-3/code/mux.vhd sub00/vhpl01 1544283202
AR reorder_buffer behavioral C:/arxitektonikh1/HRY415-project-3/code/reorder_buffer.vhd sub00/vhpl15 1544283218
AR reg4bitr behavioral C:/arxitektonikh1/HRY415-project-3/code/Reg4BitR.vhd sub00/vhpl07 1544283208
AR rob_control behavioral C:/arxitektonikh1/HRY415-project-3/code/rob_control.vhd sub00/vhpl17 1544283216
EN reg5bitr NULL C:/arxitektonikh1/HRY415-project-3/code/Reg5BitR.vhd sub00/vhpl08 1544283209
AR reg32bitr structural C:/arxitektonikh1/HRY415-project-3/code/Reg32BitR.vhd sub00/vhpl11 1544283212
EN reg1bitr NULL C:/arxitektonikh1/HRY415-project-3/code/Reg1BitR.vhd sub00/vhpl04 1544283205
EN buffer_line NULL C:/arxitektonikh1/HRY415-project-3/code/buffer_line.vhd sub00/vhpl12 1544283213
AR reg5bitr behavioral C:/arxitektonikh1/HRY415-project-3/code/Reg5BitR.vhd sub00/vhpl09 1544283210
EN reorder_buffer NULL C:/arxitektonikh1/HRY415-project-3/code/reorder_buffer.vhd sub00/vhpl14 1544283217
EN flipflop NULL C:/arxitektonikh1/HRY415-project-3/code/flipflop.vhd sub00/vhpl02 1544283203
AR reg1bitr behavioral C:/arxitektonikh1/HRY415-project-3/code/Reg1BitR.vhd sub00/vhpl05 1544283206
EN mux NULL C:/arxitektonikh1/HRY415-project-3/code/mux.vhd sub00/vhpl00 1544283201
AR flipflop behavioral C:/arxitektonikh1/HRY415-project-3/code/flipflop.vhd sub00/vhpl03 1544283204
EN rob_control NULL C:/arxitektonikh1/HRY415-project-3/code/rob_control.vhd sub00/vhpl16 1544283215
EN reg4bitr NULL C:/arxitektonikh1/HRY415-project-3/code/Reg4BitR.vhd sub00/vhpl06 1544283207
