V3 35
FL C:/arxitektonikh1/HRY415-project-3/code/buffer_line.vhd 2018/12/11.21:50:44 O.87xd
EN work/buffer_line 1544631962 \
      FL C:/arxitektonikh1/HRY415-project-3/code/buffer_line.vhd \
      PB ieee/std_logic_1164 1325952872
AR work/buffer_line/Behavioral 1544631963 \
      FL C:/arxitektonikh1/HRY415-project-3/code/buffer_line.vhd \
      EN work/buffer_line 1544631962 CP Reg1BitR CP Reg5BitR CP Reg32BitR
FL C:/arxitektonikh1/HRY415-project-3/code/flipflop.vhd 2018/11/29.23:38:29 O.87xd
EN work/flipflop 1544631952 \
      FL C:/arxitektonikh1/HRY415-project-3/code/flipflop.vhd \
      PB ieee/std_logic_1164 1325952872
AR work/flipflop/Behavioral 1544631953 \
      FL C:/arxitektonikh1/HRY415-project-3/code/flipflop.vhd EN work/flipflop 1544631952
FL C:/arxitektonikh1/HRY415-project-3/code/mux.vhd 2018/11/29.23:38:30 O.87xd
EN work/mux 1544631950 FL C:/arxitektonikh1/HRY415-project-3/code/mux.vhd \
      PB ieee/std_logic_1164 1325952872
AR work/mux/Behavioral 1544631951 \
      FL C:/arxitektonikh1/HRY415-project-3/code/mux.vhd EN work/mux 1544631950
FL C:/arxitektonikh1/HRY415-project-3/code/Reg1BitR.vhd 2018/11/29.23:38:29 O.87xd
EN work/Reg1BitR 1544631954 \
      FL C:/arxitektonikh1/HRY415-project-3/code/Reg1BitR.vhd \
      PB ieee/std_logic_1164 1325952872
AR work/Reg1BitR/Behavioral 1544631955 \
      FL C:/arxitektonikh1/HRY415-project-3/code/Reg1BitR.vhd EN work/Reg1BitR 1544631954 \
      CP mux CP flipflop
FL C:/arxitektonikh1/HRY415-project-3/code/Reg32BitR.vhd 2018/11/29.23:38:29 O.87xd
EN work/Reg32BitR 1544631960 \
      FL C:/arxitektonikh1/HRY415-project-3/code/Reg32BitR.vhd \
      PB ieee/std_logic_1164 1325952872
AR work/Reg32BitR/Structural 1544631961 \
      FL C:/arxitektonikh1/HRY415-project-3/code/Reg32BitR.vhd EN work/Reg32BitR 1544631960 \
      CP Reg4BitR
FL C:/arxitektonikh1/HRY415-project-3/code/Reg4BitR.vhd 2018/11/29.23:38:29 O.87xd
EN work/Reg4BitR 1544631956 \
      FL C:/arxitektonikh1/HRY415-project-3/code/Reg4BitR.vhd \
      PB ieee/std_logic_1164 1325952872
AR work/Reg4BitR/Behavioral 1544631957 \
      FL C:/arxitektonikh1/HRY415-project-3/code/Reg4BitR.vhd EN work/Reg4BitR 1544631956 \
      CP Reg1BitR
FL C:/arxitektonikh1/HRY415-project-3/code/Reg5BitR.vhd 2018/11/29.23:38:29 O.87xd
EN work/Reg5BitR 1544631958 \
      FL C:/arxitektonikh1/HRY415-project-3/code/Reg5BitR.vhd \
      PB ieee/std_logic_1164 1325952872
AR work/Reg5BitR/Behavioral 1544631959 \
      FL C:/arxitektonikh1/HRY415-project-3/code/Reg5BitR.vhd EN work/Reg5BitR 1544631958 \
      CP Reg1BitR
FL C:/arxitektonikh1/HRY415-project-3/code/reorder_buffer.vhd 2018/12/12.18:17:21 O.87xd
EN work/reorder_buffer 1544631966 \
      FL C:/arxitektonikh1/HRY415-project-3/code/reorder_buffer.vhd \
      PB ieee/std_logic_1164 1325952872 PB ieee/STD_LOGIC_UNSIGNED 1325952875 \
      PB ieee/NUMERIC_STD 1325952877
AR work/reorder_buffer/Behavioral 1544631967 \
      FL C:/arxitektonikh1/HRY415-project-3/code/reorder_buffer.vhd \
      EN work/reorder_buffer 1544631966 CP buffer_line CP rob_control
FL C:/arxitektonikh1/HRY415-project-3/code/rob_control.vhd 2018/12/12.18:22:36 O.87xd
EN work/rob_control 1544631964 \
      FL C:/arxitektonikh1/HRY415-project-3/code/rob_control.vhd \
      PB ieee/std_logic_1164 1325952872 PB ieee/NUMERIC_STD 1325952877
AR work/rob_control/Behavioral 1544631965 \
      FL C:/arxitektonikh1/HRY415-project-3/code/rob_control.vhd \
      EN work/rob_control 1544631964
