Release 13.4 - xst O.87xd (nt64)
Copyright (c) 1995-2011 Xilinx, Inc.  All rights reserved.
--> Parameter TMPDIR set to xst/projnav.tmp


Total REAL time to Xst completion: 0.00 secs
Total CPU time to Xst completion: 0.11 secs
 
--> Parameter xsthdpdir set to xst


Total REAL time to Xst completion: 0.00 secs
Total CPU time to Xst completion: 0.11 secs
 
--> Reading design: RS_unit_arithemtic.prj

TABLE OF CONTENTS
  1) Synthesis Options Summary
  2) HDL Compilation
  3) Design Hierarchy Analysis
  4) HDL Analysis
  5) HDL Synthesis
     5.1) HDL Synthesis Report
  6) Advanced HDL Synthesis
     6.1) Advanced HDL Synthesis Report
  7) Low Level Synthesis
  8) Partition Report
  9) Final Report
	9.1) Device utilization summary
	9.2) Partition Resource Summary
	9.3) TIMING REPORT


=========================================================================
*                      Synthesis Options Summary                        *
=========================================================================
---- Source Parameters
Input File Name                    : "RS_unit_arithemtic.prj"
Input Format                       : mixed
Ignore Synthesis Constraint File   : NO

---- Target Parameters
Output File Name                   : "RS_unit_arithemtic"
Output Format                      : NGC
Target Device                      : xc3s1600e-5-fg320

---- Source Options
Top Module Name                    : RS_unit_arithemtic
Automatic FSM Extraction           : YES
FSM Encoding Algorithm             : Auto
Safe Implementation                : No
FSM Style                          : LUT
RAM Extraction                     : Yes
RAM Style                          : Auto
ROM Extraction                     : Yes
Mux Style                          : Auto
Decoder Extraction                 : YES
Priority Encoder Extraction        : Yes
Shift Register Extraction          : YES
Logical Shifter Extraction         : YES
XOR Collapsing                     : YES
ROM Style                          : Auto
Mux Extraction                     : Yes
Resource Sharing                   : YES
Asynchronous To Synchronous        : NO
Multiplier Style                   : Auto
Automatic Register Balancing       : No

---- Target Options
Add IO Buffers                     : YES
Global Maximum Fanout              : 100000
Add Generic Clock Buffer(BUFG)     : 24
Register Duplication               : YES
Slice Packing                      : YES
Optimize Instantiated Primitives   : NO
Use Clock Enable                   : Yes
Use Synchronous Set                : Yes
Use Synchronous Reset              : Yes
Pack IO Registers into IOBs        : Auto
Equivalent register Removal        : YES

---- General Options
Optimization Goal                  : Speed
Optimization Effort                : 1
Keep Hierarchy                     : No
Netlist Hierarchy                  : As_Optimized
RTL Output                         : Yes
Global Optimization                : AllClockNets
Read Cores                         : YES
Write Timing Constraints           : NO
Cross Clock Analysis               : NO
Hierarchy Separator                : /
Bus Delimiter                      : <>
Case Specifier                     : Maintain
Slice Utilization Ratio            : 100
BRAM Utilization Ratio             : 100
Verilog 2001                       : YES
Auto BRAM Packing                  : NO
Slice Utilization Ratio Delta      : 5

=========================================================================


=========================================================================
*                          HDL Compilation                              *
=========================================================================
Compiling vhdl file "C:/arxitektonikh1/HRY415-project-2/code/mux.vhd" in Library work.
Architecture behavioral of Entity mux is up to date.
Compiling vhdl file "C:/arxitektonikh1/HRY415-project-2/code/flipflop.vhd" in Library work.
Architecture behavioral of Entity flipflop is up to date.
Compiling vhdl file "C:/arxitektonikh1/HRY415-project-2/code/Reg1BitR.vhd" in Library work.
Architecture behavioral of Entity reg1bitr is up to date.
Compiling vhdl file "C:/arxitektonikh1/HRY415-project-2/code/Reg4BitR.vhd" in Library work.
Architecture behavioral of Entity reg4bitr is up to date.
Compiling vhdl file "C:/arxitektonikh1/HRY415-project-2/code/mux32Bit.vhd" in Library work.
Architecture behavioral of Entity mux32bit is up to date.
Compiling vhdl file "C:/arxitektonikh1/HRY415-project-2/code/Reg32BitR.vhd" in Library work.
Architecture structural of Entity reg32bitr is up to date.
Compiling vhdl file "C:/arxitektonikh1/HRY415-project-2/code/mux5Bit.vhd" in Library work.
Architecture behavioral of Entity mux5bit is up to date.
Compiling vhdl file "C:/arxitektonikh1/HRY415-project-2/code/Reg5BitR.vhd" in Library work.
Architecture behavioral of Entity reg5bitr is up to date.
Compiling vhdl file "C:/arxitektonikh1/HRY415-project-2/code/RS_reg_line.vhd" in Library work.
Architecture behavioral of Entity rs_reg_line is up to date.
Compiling vhdl file "C:/arxitektonikh1/HRY415-project-2/code/mux4to1_32Bit.vhd" in Library work.
Architecture behavioral of Entity mux4to1_32bit is up to date.
Compiling vhdl file "C:/arxitektonikh1/HRY415-project-2/code/RS_ar_control.vhd" in Library work.
Entity <rs_arithmetic_control> compiled.
Entity <rs_arithmetic_control> (Architecture <behavioral>) compiled.
Compiling vhdl file "C:/arxitektonikh1/HRY415-project-2/code/RSUnitAr.vhd" in Library work.
Architecture behavioral of Entity rs_unit_arithemtic is up to date.

=========================================================================
*                     Design Hierarchy Analysis                         *
=========================================================================
Analyzing hierarchy for entity <RS_unit_arithemtic> in library <work> (architecture <behavioral>).

Analyzing hierarchy for entity <RS_reg_line> in library <work> (architecture <behavioral>).

Analyzing hierarchy for entity <mux4to1_32Bit> in library <work> (architecture <behavioral>).

Analyzing hierarchy for entity <RS_arithmetic_control> in library <work> (architecture <behavioral>).

Analyzing hierarchy for entity <mux> in library <work> (architecture <behavioral>).

Analyzing hierarchy for entity <Reg1BitR> in library <work> (architecture <behavioral>).

Analyzing hierarchy for entity <mux32Bit> in library <work> (architecture <behavioral>).

Analyzing hierarchy for entity <Reg32BitR> in library <work> (architecture <structural>).

Analyzing hierarchy for entity <mux5Bit> in library <work> (architecture <behavioral>).

Analyzing hierarchy for entity <Reg5BitR> in library <work> (architecture <behavioral>).

Analyzing hierarchy for entity <mux> in library <work> (architecture <behavioral>).

Analyzing hierarchy for entity <flipflop> in library <work> (architecture <behavioral>).

Analyzing hierarchy for entity <Reg4BitR> in library <work> (architecture <behavioral>).

Analyzing hierarchy for entity <Reg1BitR> in library <work> (architecture <behavioral>).

Analyzing hierarchy for entity <mux> in library <work> (architecture <behavioral>).

Analyzing hierarchy for entity <flipflop> in library <work> (architecture <behavioral>).


=========================================================================
*                            HDL Analysis                               *
=========================================================================
Analyzing Entity <RS_unit_arithemtic> in library <work> (Architecture <behavioral>).
Entity <RS_unit_arithemtic> analyzed. Unit <RS_unit_arithemtic> generated.

Analyzing Entity <RS_reg_line> in library <work> (Architecture <behavioral>).
Entity <RS_reg_line> analyzed. Unit <RS_reg_line> generated.

Analyzing Entity <mux> in library <work> (Architecture <behavioral>).
Entity <mux> analyzed. Unit <mux> generated.

Analyzing Entity <Reg1BitR> in library <work> (Architecture <behavioral>).
Entity <Reg1BitR> analyzed. Unit <Reg1BitR> generated.

Analyzing Entity <flipflop> in library <work> (Architecture <behavioral>).
Entity <flipflop> analyzed. Unit <flipflop> generated.

Analyzing Entity <mux32Bit> in library <work> (Architecture <behavioral>).
Entity <mux32Bit> analyzed. Unit <mux32Bit> generated.

Analyzing Entity <Reg32BitR> in library <work> (Architecture <structural>).
Entity <Reg32BitR> analyzed. Unit <Reg32BitR> generated.

Analyzing Entity <Reg4BitR> in library <work> (Architecture <behavioral>).
Entity <Reg4BitR> analyzed. Unit <Reg4BitR> generated.

Analyzing Entity <mux5Bit> in library <work> (Architecture <behavioral>).
Entity <mux5Bit> analyzed. Unit <mux5Bit> generated.

Analyzing Entity <Reg5BitR> in library <work> (Architecture <behavioral>).
Entity <Reg5BitR> analyzed. Unit <Reg5BitR> generated.

Analyzing Entity <mux4to1_32Bit> in library <work> (Architecture <behavioral>).
Entity <mux4to1_32Bit> analyzed. Unit <mux4to1_32Bit> generated.

Analyzing Entity <RS_arithmetic_control> in library <work> (Architecture <behavioral>).
Entity <RS_arithmetic_control> analyzed. Unit <RS_arithmetic_control> generated.


=========================================================================
*                           HDL Synthesis                               *
=========================================================================

Performing bidirectional port resolution...

Synthesizing Unit <RS_arithmetic_control>.
    Related source file is "C:/arxitektonikh1/HRY415-project-2/code/RS_ar_control.vhd".
    Using one-hot encoding for signal <currentState>.
    Found 4x4-bit ROM for signal <nextState>.
    Found 4-bit register for signal <currentState>.
    Summary:
	inferred   1 ROM(s).
	inferred   4 D-type flip-flop(s).
Unit <RS_arithmetic_control> synthesized.


Synthesizing Unit <mux>.
    Related source file is "C:/arxitektonikh1/HRY415-project-2/code/mux.vhd".
Unit <mux> synthesized.


Synthesizing Unit <flipflop>.
    Related source file is "C:/arxitektonikh1/HRY415-project-2/code/flipflop.vhd".
    Found 1-bit register for signal <q>.
    Summary:
	inferred   1 D-type flip-flop(s).
Unit <flipflop> synthesized.


Synthesizing Unit <Reg1BitR>.
    Related source file is "C:/arxitektonikh1/HRY415-project-2/code/Reg1BitR.vhd".
Unit <Reg1BitR> synthesized.


Synthesizing Unit <mux32Bit>.
    Related source file is "C:/arxitektonikh1/HRY415-project-2/code/mux32Bit.vhd".
Unit <mux32Bit> synthesized.


Synthesizing Unit <mux5Bit>.
    Related source file is "C:/arxitektonikh1/HRY415-project-2/code/mux5Bit.vhd".
Unit <mux5Bit> synthesized.


Synthesizing Unit <mux4to1_32Bit>.
    Related source file is "C:/arxitektonikh1/HRY415-project-2/code/mux4to1_32Bit.vhd".
Unit <mux4to1_32Bit> synthesized.


Synthesizing Unit <Reg5BitR>.
    Related source file is "C:/arxitektonikh1/HRY415-project-2/code/Reg5BitR.vhd".
Unit <Reg5BitR> synthesized.


Synthesizing Unit <Reg4BitR>.
    Related source file is "C:/arxitektonikh1/HRY415-project-2/code/Reg4BitR.vhd".
Unit <Reg4BitR> synthesized.


Synthesizing Unit <Reg32BitR>.
    Related source file is "C:/arxitektonikh1/HRY415-project-2/code/Reg32BitR.vhd".
Unit <Reg32BitR> synthesized.


Synthesizing Unit <RS_reg_line>.
    Related source file is "C:/arxitektonikh1/HRY415-project-2/code/RS_reg_line.vhd".
    Found 5-bit comparator equal for signal <comparator_j$cmp_eq0000> created at line 215.
    Found 5-bit comparator equal for signal <comparator_k$cmp_eq0000> created at line 218.
    Summary:
	inferred   2 Comparator(s).
Unit <RS_reg_line> synthesized.


Synthesizing Unit <RS_unit_arithemtic>.
    Related source file is "C:/arxitektonikh1/HRY415-project-2/code/RSUnitAr.vhd".
    Found 2-bit 4-to-1 multiplexer for signal <Fop_out>.
    Summary:
	inferred   2 Multiplexer(s).
Unit <RS_unit_arithemtic> synthesized.


=========================================================================
HDL Synthesis Report

Macro Statistics
# ROMs                                                 : 1
 4x4-bit ROM                                           : 1
# Registers                                            : 235
 1-bit register                                        : 234
 4-bit register                                        : 1
# Comparators                                          : 6
 5-bit comparator equal                                : 6
# Multiplexers                                         : 1
 2-bit 4-to-1 multiplexer                              : 1

=========================================================================

=========================================================================
*                       Advanced HDL Synthesis                          *
=========================================================================

WARNING:Xst:2677 - Node <currentState_2> of sequential type is unconnected in block <control>.
WARNING:Xst:2677 - Node <currentState_3> of sequential type is unconnected in block <control>.

Synthesizing (advanced) Unit <RS_arithmetic_control>.
INFO:Xst:3034 - In order to maximize performance and save block RAM resources, the small ROM <Mrom_nextState> will be implemented on LUT. If you want to force its implementation on block, use option/constraint rom_style.
Unit <RS_arithmetic_control> synthesized (advanced).
WARNING:Xst:2677 - Node <currentState_2> of sequential type is unconnected in block <RS_arithmetic_control>.
WARNING:Xst:2677 - Node <currentState_3> of sequential type is unconnected in block <RS_arithmetic_control>.

=========================================================================
Advanced HDL Synthesis Report

Macro Statistics
# ROMs                                                 : 1
 4x4-bit ROM                                           : 1
# Registers                                            : 236
 Flip-Flops                                            : 236
# Comparators                                          : 6
 5-bit comparator equal                                : 6
# Multiplexers                                         : 1
 2-bit 4-to-1 multiplexer                              : 1

=========================================================================

=========================================================================
*                         Low Level Synthesis                           *
=========================================================================

Optimizing unit <RS_unit_arithemtic> ...

Optimizing unit <RS_arithmetic_control> ...

Optimizing unit <Reg32BitR> ...

Mapping all equations...
Building and optimizing final netlist ...
Found area constraint ratio of 100 (+ 5) on block RS_unit_arithemtic, actual ratio is 3.

Final Macro Processing ...

=========================================================================
Final Register Report

Macro Statistics
# Registers                                            : 236
 Flip-Flops                                            : 236

=========================================================================

=========================================================================
*                           Partition Report                            *
=========================================================================

Partition Implementation Status
-------------------------------

  No Partitions were found in this design.

-------------------------------

=========================================================================
*                            Final Report                               *
=========================================================================
Final Results
RTL Top Level Output File Name     : RS_unit_arithemtic.ngr
Top Level Output File Name         : RS_unit_arithemtic
Output Format                      : NGC
Optimization Goal                  : Speed
Keep Hierarchy                     : No

Design Statistics
# IOs                              : 194

Cell Usage :
# BELS                             : 685
#      GND                         : 1
#      LUT2                        : 8
#      LUT2_D                      : 1
#      LUT2_L                      : 3
#      LUT3                        : 320
#      LUT3_D                      : 2
#      LUT3_L                      : 2
#      LUT4                        : 329
#      LUT4_D                      : 13
#      LUT4_L                      : 3
#      MUXF5                       : 3
# FlipFlops/Latches                : 236
#      FD                          : 2
#      FDC                         : 140
#      FDCE                        : 94
# Clock Buffers                    : 1
#      BUFGP                       : 1
# IO Buffers                       : 193
#      IBUF                        : 116
#      OBUF                        : 77
=========================================================================

Device utilization summary:
---------------------------

Selected Device : 3s1600efg320-5 

 Number of Slices:                      370  out of  14752     2%  
 Number of Slice Flip Flops:            236  out of  29504     0%  
 Number of 4 input LUTs:                681  out of  29504     2%  
 Number of IOs:                         194
 Number of bonded IOBs:                 194  out of    250    77%  
 Number of GCLKs:                         1  out of     24     4%  

---------------------------
Partition Resource Summary:
---------------------------

  No Partitions were found in this design.

---------------------------


=========================================================================
TIMING REPORT

NOTE: THESE TIMING NUMBERS ARE ONLY A SYNTHESIS ESTIMATE.
      FOR ACCURATE TIMING INFORMATION PLEASE REFER TO THE TRACE REPORT
      GENERATED AFTER PLACE-and-ROUTE.

Clock Information:
------------------
-----------------------------------+------------------------+-------+
Clock Signal                       | Clock buffer(FF name)  | Load  |
-----------------------------------+------------------------+-------+
Clk                                | BUFGP                  | 236   |
-----------------------------------+------------------------+-------+

Asynchronous Control Signals Information:
----------------------------------------
---------------------------------------------------------+-------------------------------------------------------+-------+
Control Signal                                           | Buffer(FF name)                                       | Load  |
---------------------------------------------------------+-------------------------------------------------------+-------+
GEN[0].RS_reg_lines/Qj_mux/mux0/output_and0000(XST_GND:G)| NONE(GEN[0].RS_reg_lines/Qj_reg/Reg1BitR0/flipflop0/q)| 234   |
---------------------------------------------------------+-------------------------------------------------------+-------+

Timing Summary:
---------------
Speed Grade: -5

   Minimum period: 7.565ns (Maximum Frequency: 132.186MHz)
   Minimum input arrival time before clock: 8.639ns
   Maximum output required time after clock: 12.526ns
   Maximum combinational path delay: 13.606ns

Timing Detail:
--------------
All values displayed in nanoseconds (ns)

=========================================================================
Timing constraint: Default period analysis for Clock 'Clk'
  Clock period: 7.565ns (frequency: 132.186MHz)
  Total number of paths / destination ports: 3504 / 324
-------------------------------------------------------------------------
Delay:               7.565ns (Levels of Logic = 5)
  Source:            GEN[2].RS_reg_lines/busy_reg/flipflop0/q (FF)
  Destination:       GEN[1].RS_reg_lines/efuge_reg/flipflop0/q (FF)
  Source Clock:      Clk rising
  Destination Clock: Clk rising

  Data Path: GEN[2].RS_reg_lines/busy_reg/flipflop0/q to GEN[1].RS_reg_lines/efuge_reg/flipflop0/q
                                Gate     Net
    Cell:in->out      fanout   Delay   Delay  Logical Name (Net Name)
    ----------------------------------------  ------------
     FDCE:C->Q             6   0.514   0.572  GEN[2].RS_reg_lines/busy_reg/flipflop0/q (GEN[2].RS_reg_lines/busy_reg/flipflop0/q)
     LUT4:I3->O            2   0.612   0.410  GEN[2].RS_reg_lines/comparator_k_and000069 (GEN[2].RS_reg_lines/comparator_k_and000069)
     LUT3:I2->O           70   0.612   1.113  GEN[2].RS_reg_lines/comparator_k_and000084 (GEN[2].RS_reg_lines/comparator_k)
     LUT4:I2->O            8   0.612   0.673  GEN[2].RS_reg_lines/ready_for_exec_and000688 (ready_for_exec<2>)
     LUT4:I2->O            2   0.612   0.383  control/line_select<0>_SW1 (N548)
     LUT4:I3->O            1   0.612   0.357  control/efuge_enable<1>2 (efuge_enable<1>)
     FDCE:CE                   0.483          GEN[1].RS_reg_lines/efuge_reg/flipflop0/q
    ----------------------------------------
    Total                      7.565ns (4.057ns logic, 3.508ns route)
                                       (53.6% logic, 46.4% route)

=========================================================================
Timing constraint: Default OFFSET IN BEFORE for Clock 'Clk'
  Total number of paths / destination ports: 5729 / 330
-------------------------------------------------------------------------
Offset:              8.639ns (Levels of Logic = 6)
  Source:            CDB<37> (PAD)
  Destination:       GEN[1].RS_reg_lines/Vj_reg/Reg4BitR7/Reg1BitR0/flipflop0/q (FF)
  Destination Clock: Clk rising

  Data Path: CDB<37> to GEN[1].RS_reg_lines/Vj_reg/Reg4BitR7/Reg1BitR0/flipflop0/q
                                Gate     Net
    Cell:in->out      fanout   Delay   Delay  Logical Name (Net Name)
    ----------------------------------------  ------------
     IBUF:I->O             8   1.106   0.795  CDB_37_IBUF (CDB_37_IBUF)
     LUT4:I0->O            5   0.612   0.690  control/available21 (control/N8)
     LUT3:I0->O            6   0.612   0.721  control/efuge_enable<0>211 (control/N12)
     LUT4:I0->O           17   0.612   0.896  control/tagRF<1>1 (GEN[1].RS_reg_lines/busy_in)
     LUT4:I3->O           32   0.612   1.103  GEN[1].RS_reg_lines/Vk_WrEn1 (GEN[1].RS_reg_lines/Vk_WrEn)
     LUT3:I2->O            1   0.612   0.000  GEN[1].RS_reg_lines/Vk_reg/Reg4BitR7/Reg1BitR3/mux0/output (GEN[1].RS_reg_lines/Vk_reg/Reg4BitR7/Reg1BitR3/muxOut)
     FDC:D                     0.268          GEN[1].RS_reg_lines/Vk_reg/Reg4BitR7/Reg1BitR3/flipflop0/q
    ----------------------------------------
    Total                      8.639ns (4.434ns logic, 4.205ns route)
                                       (51.3% logic, 48.7% route)

=========================================================================
Timing constraint: Default OFFSET OUT AFTER for Clock 'Clk'
  Total number of paths / destination ports: 29518 / 75
-------------------------------------------------------------------------
Offset:              12.526ns (Levels of Logic = 9)
  Source:            GEN[0].RS_reg_lines/Qj_reg/Reg1BitR1/flipflop0/q (FF)
  Destination:       Vj_out<31> (PAD)
  Source Clock:      Clk rising

  Data Path: GEN[0].RS_reg_lines/Qj_reg/Reg1BitR1/flipflop0/q to Vj_out<31>
                                Gate     Net
    Cell:in->out      fanout   Delay   Delay  Logical Name (Net Name)
    ----------------------------------------  ------------
     FDC:C->Q              3   0.514   0.481  GEN[0].RS_reg_lines/Qj_reg/Reg1BitR1/flipflop0/q (GEN[0].RS_reg_lines/Qj_reg/Reg1BitR1/flipflop0/q)
     LUT4:I2->O            3   0.612   0.603  GEN[0].RS_reg_lines/comparator_j_and000026 (GEN[0].RS_reg_lines/comparator_j_and000026)
     LUT3_L:I0->LO         1   0.612   0.103  GEN[0].RS_reg_lines/comparator_j_and000084_1 (GEN[0].RS_reg_lines/comparator_j_and000084)
     LUT4:I3->O            1   0.612   0.360  GEN[0].RS_reg_lines/ready_for_exec_and000667 (GEN[0].RS_reg_lines/ready_for_exec_and000667)
     LUT4_D:I3->O          6   0.612   0.721  GEN[0].RS_reg_lines/ready_for_exec_and000688 (ready_for_exec<0>)
     LUT4:I0->O            1   0.612   0.000  control/line_select<0>_F (N787)
     MUXF5:I0->O         196   0.278   1.269  control/line_select<0> (line_select<0>)
     LUT4:I0->O            1   0.612   0.387  Vk_mux/mux32Bit2/mux9/output45 (Vk_mux/mux32Bit2/mux9/output45)
     LUT4:I2->O            1   0.612   0.357  Vk_mux/mux32Bit2/mux9/output81 (Vk_out_9_OBUF)
     OBUF:I->O                 3.169          Vk_out_9_OBUF (Vk_out<9>)
    ----------------------------------------
    Total                     12.526ns (8.245ns logic, 4.281ns route)
                                       (65.8% logic, 34.2% route)

=========================================================================
Timing constraint: Default path analysis
  Total number of paths / destination ports: 14650 / 75
-------------------------------------------------------------------------
Delay:               13.606ns (Levels of Logic = 10)
  Source:            CDB<33> (PAD)
  Destination:       Vj_out<31> (PAD)

  Data Path: CDB<33> to Vj_out<31>
                                Gate     Net
    Cell:in->out      fanout   Delay   Delay  Logical Name (Net Name)
    ----------------------------------------  ------------
     IBUF:I->O            12   1.106   0.969  CDB_33_IBUF (CDB_33_IBUF)
     LUT4:I0->O            3   0.612   0.603  GEN[0].RS_reg_lines/comparator_j_and000026 (GEN[0].RS_reg_lines/comparator_j_and000026)
     LUT3_L:I0->LO         1   0.612   0.103  GEN[0].RS_reg_lines/comparator_j_and000084_1 (GEN[0].RS_reg_lines/comparator_j_and000084)
     LUT4:I3->O            1   0.612   0.360  GEN[0].RS_reg_lines/ready_for_exec_and000667 (GEN[0].RS_reg_lines/ready_for_exec_and000667)
     LUT4_D:I3->O          6   0.612   0.721  GEN[0].RS_reg_lines/ready_for_exec_and000688 (ready_for_exec<0>)
     LUT4:I0->O            1   0.612   0.000  control/line_select<0>_F (N787)
     MUXF5:I0->O         196   0.278   1.269  control/line_select<0> (line_select<0>)
     LUT4:I0->O            1   0.612   0.387  Vk_mux/mux32Bit2/mux9/output45 (Vk_mux/mux32Bit2/mux9/output45)
     LUT4:I2->O            1   0.612   0.357  Vk_mux/mux32Bit2/mux9/output81 (Vk_out_9_OBUF)
     OBUF:I->O                 3.169          Vk_out_9_OBUF (Vk_out<9>)
    ----------------------------------------
    Total                     13.606ns (8.837ns logic, 4.769ns route)
                                       (65.0% logic, 35.0% route)

=========================================================================


Total REAL time to Xst completion: 11.00 secs
Total CPU time to Xst completion: 11.51 secs
 
--> 

Total memory usage is 280932 kilobytes

Number of errors   :    0 (   0 filtered)
Number of warnings :    4 (   0 filtered)
Number of infos    :    1 (   0 filtered)

